c:\users\jan\desktop\zpg\zpg\zpg1\zpg1\x64\debug\vc143.pdb
c:\users\jan\desktop\zpg\zpg\zpg1\zpg1\x64\debug\vc143.idb
c:\users\jan\desktop\zpg\zpg\zpg1\zpg1\x64\debug\translate.obj
c:\users\jan\desktop\zpg\zpg\zpg1\zpg1\x64\debug\transformation.obj
c:\users\jan\desktop\zpg\zpg\zpg1\zpg1\x64\debug\subject.obj
c:\users\jan\desktop\zpg\zpg\zpg1\zpg1\x64\debug\shaderprogram.obj
c:\users\jan\desktop\zpg\zpg\zpg1\zpg1\x64\debug\shaderloader.obj
c:\users\jan\desktop\zpg\zpg\zpg1\zpg1\x64\debug\shader.obj
c:\users\jan\desktop\zpg\zpg\zpg1\zpg1\x64\debug\scene.obj
c:\users\jan\desktop\zpg\zpg\zpg1\zpg1\x64\debug\scale.obj
c:\users\jan\desktop\zpg\zpg\zpg1\zpg1\x64\debug\rotate.obj
c:\users\jan\desktop\zpg\zpg\zpg1\zpg1\x64\debug\observer.obj
c:\users\jan\desktop\zpg\zpg\zpg1\zpg1\x64\debug\model.obj
c:\users\jan\desktop\zpg\zpg\zpg1\zpg1\x64\debug\main.obj
c:\users\jan\desktop\zpg\zpg\zpg1\zpg1\x64\debug\lightsource.obj
c:\users\jan\desktop\zpg\zpg\zpg1\zpg1\x64\debug\drawableobject.obj
c:\users\jan\desktop\zpg\zpg\zpg1\zpg1\x64\debug\controller.obj
c:\users\jan\desktop\zpg\zpg\zpg1\zpg1\x64\debug\camera.obj
c:\users\jan\desktop\zpg\zpg\zpg1\zpg1\x64\debug\basetransform.obj
c:\users\jan\desktop\zpg\zpg\zpg1\zpg1\x64\debug\application.obj
c:\users\jan\desktop\zpg\zpg\zpg1\zpg1\x64\debug\spotlight.obj
c:\users\jan\desktop\zpg\zpg\zpg1\zpg1\x64\debug\material.obj
c:\users\jan\desktop\zpg\zpg\zpg1\zpg1\x64\debug\texturemodel.obj
c:\users\jan\desktop\zpg\zpg\zpg1\zpg1\x64\debug\texture.obj
c:\users\jan\desktop\zpg\zpg\zpg1\zpg1\x64\debug\basicmodel.obj
c:\users\jan\desktop\zpg\zpg\zpg1\zpg1\x64\debug\skyboxmodel.obj
c:\users\jan\desktop\zpg\zpg\zpg1\zpg1\x64\debug\modelloader.obj
c:\users\jan\desktop\zpg\zpg\zpg1\zpg1\x64\debug\objectmodel.obj
c:\users\jan\desktop\zpg\zpg\zpg1\zpg1\x64\debug\composite.obj
c:\users\jan\desktop\zpg\zpg\zpg1\x64\debug\zpg1.pdb
c:\users\jan\desktop\zpg\zpg\zpg1\zpg1\x64\debug\zpg1.tlog\cl.command.1.tlog
c:\users\jan\desktop\zpg\zpg\zpg1\zpg1\x64\debug\zpg1.tlog\cl.items.tlog
c:\users\jan\desktop\zpg\zpg\zpg1\zpg1\x64\debug\zpg1.tlog\cl.read.1.tlog
c:\users\jan\desktop\zpg\zpg\zpg1\zpg1\x64\debug\zpg1.tlog\cl.write.1.tlog
c:\users\jan\desktop\zpg\zpg\zpg1\zpg1\x64\debug\zpg1.tlog\link.11456.read.1.tlog
c:\users\jan\desktop\zpg\zpg\zpg1\zpg1\x64\debug\zpg1.tlog\link.11456.write.1.tlog
c:\users\jan\desktop\zpg\zpg\zpg1\zpg1\x64\debug\zpg1.tlog\link.command.1.tlog
c:\users\jan\desktop\zpg\zpg\zpg1\zpg1\x64\debug\zpg1.tlog\link.read.1.tlog
c:\users\jan\desktop\zpg\zpg\zpg1\zpg1\x64\debug\zpg1.tlog\link.read.2.tlog
c:\users\jan\desktop\zpg\zpg\zpg1\zpg1\x64\debug\zpg1.tlog\link.secondary.1.tlog
c:\users\jan\desktop\zpg\zpg\zpg1\zpg1\x64\debug\zpg1.tlog\link.write.1.tlog
